Expenses 2022-01-16
Expense not found	0	 
Meal expenses: 0
Total expenses: 0
